// Jest Snapshot v1, https://goo.gl/fbAQLP

exports[`Header Component 1`] = `
<div
  count={2}
>
  <h1>
    App Title
  </h1>
</div>
`;
